// Jest Snapshot v1, https://goo.gl/fbAQLP

exports[`App default renders correctly 1`] = `
<div
  className="MuiBox-root css-0"
>
  <div
    className="MuiGrid2-root MuiGrid2-container MuiGrid2-direction-xs-row css-16epkjp-MuiGrid2-root"
  >
    <div
      className="MuiGrid2-root MuiGrid2-direction-xs-row MuiGrid2-grid-xs-0 MuiGrid2-grid-md-0 css-xgs9vi-MuiGrid2-root"
    />
    <div
      className="MuiGrid2-root MuiGrid2-direction-xs-row MuiGrid2-grid-xs-12 MuiGrid2-grid-md-12 css-s3fexs-MuiGrid2-root"
    >
      <div
        className="header"
      >
        <div
          className="MuiGrid2-root MuiGrid2-container MuiGrid2-direction-xs-row css-16epkjp-MuiGrid2-root"
        >
          <div
            className="MuiGrid2-root MuiGrid2-direction-xs-row css-1fzlhpv-MuiGrid2-root"
          >
            <h1>
              Stats for 
              something
            </h1>
          </div>
          <div
            className="MuiGrid2-root MuiGrid2-direction-xs-row MuiGrid2-grid-xs-12 MuiGrid2-grid-sm-6 MuiGrid2-grid-md-5 MuiGrid2-grid-lg-4 MuiGrid2-grid-xl-3 css-g8jdsd-MuiGrid2-root"
          >
            <ul>
              <li>
                <button
                  className="button-header"
                  id=""
                  onClick={[Function]}
                >
                  Check
                   team
                </button>
              </li>
              <li>
                <button
                  className="button-header"
                  id=""
                  onClick={[Function]}
                >
                  Check
                   season
                </button>
              </li>
            </ul>
          </div>
        </div>
      </div>
    </div>
    <div
      className="MuiGrid2-root MuiGrid2-container MuiGrid2-direction-xs-row MuiGrid2-grid-xs-12 css-4bvn8a-MuiGrid2-root"
    >
      <div
        className="MuiGrid2-root MuiGrid2-direction-xs-row MuiGrid2-grid-xs-0 MuiGrid2-grid-md-3 css-1abtsfm-MuiGrid2-root"
      />
      <div
        className="MuiGrid2-root MuiGrid2-direction-xs-row MuiGrid2-grid-xs-12 MuiGrid2-grid-md-grow css-1dfhoo8-MuiGrid2-root"
      />
    </div>
  </div>
</div>
`;
