// Jest Snapshot v1, https://goo.gl/fbAQLP

exports[`App default renders correctly 1`] = `
<div>
  <div
    className=""
  >
    <h1>
      Stats for 
      something
    </h1>
    <ul>
      <li>
        <button
          onClick={[Function]}
        >
          Check
           team
        </button>
      </li>
      <li>
        <button
          onClick={[Function]}
        >
          Check
           season
        </button>
      </li>
    </ul>
  </div>
</div>
`;
