// Jest Snapshot v1, https://goo.gl/fbAQLP

exports[`renders correctly 1`] = `
<div
  className="view-wrapper"
>
  <div
    className="category-selection"
  >
    <div
      id="menu-bar-container"
    >
      <div
        className="header-vertical-alignment"
        id="search-field"
      >
        <form>
          <input
            onChange={[Function]}
            onKeyDown={[Function]}
            onKeyUp={[Function]}
            placeholder="Search season"
            type="text"
            value=""
          />
        </form>
      </div>
      <div
        id="menu-bar-selection"
        onMouseDown={[Function]}
      >
        <div
          className="entry-selection"
          onClick={[Function]}
        >
          Test Season
        </div>
      </div>
    </div>
  </div>
  <div
    className="chart-view"
  />
</div>
`;
