// Jest Snapshot v1, https://goo.gl/fbAQLP

exports[`default renders correctly 1`] = `
<div>
  <div>
    <div>
      <div>
        <form>
          <input
            onChange={[Function]}
            onKeyDown={[Function]}
            onKeyUp={[Function]}
            placeholder="season"
            type="text"
            value=""
          />
        </form>
      </div>
      <div
        onMouseDown={[Function]}
      >
        <div
          onClick={[Function]}
        >
          Test Season
        </div>
      </div>
    </div>
  </div>
  <div />
</div>
`;
