// Jest Snapshot v1, https://goo.gl/fbAQLP

exports[`renders correctly 1`] = `
{
  "asFragment": [Function],
  "baseElement": <body>
    <div>
      <div
        id=""
      >
        <div
          class="chart-view"
        >
          <div
            data-testid="team-view"
          >
            <h1>
              Stats for team 
              Fake team
            </h1>
            <div
              class="MuiGrid2-root MuiGrid2-container MuiGrid2-direction-xs-row css-16epkjp-MuiGrid2-root"
            >
              <div
                class="MuiGrid2-root MuiGrid2-direction-xs-row MuiGrid2-grid-xs-auto css-1djy14n-MuiGrid2-root"
              >
                <button
                  class="button-chart"
                  id="chart-button-active"
                >
                  See points
                   per season
                </button>
                <button
                  class="button-chart"
                  id=""
                >
                  See points
                   across seasons
                </button>
              </div>
              <div
                class="MuiGrid2-root MuiGrid2-direction-xs-row MuiGrid2-grid-xs-grow css-2edihr-MuiGrid2-root"
              />
            </div>
            <div>
              <p>
                I am a mock chart.
              </p>
              <div
                class="test-data"
              >
                <p>
                  3,4
                </p>
              </div>
              <canvas
                height="150"
                width="400"
              />
            </div>
          </div>
        </div>
      </div>
    </div>
  </body>,
  "container": <div>
    <div
      id=""
    >
      <div
        class="chart-view"
      >
        <div
          data-testid="team-view"
        >
          <h1>
            Stats for team 
            Fake team
          </h1>
          <div
            class="MuiGrid2-root MuiGrid2-container MuiGrid2-direction-xs-row css-16epkjp-MuiGrid2-root"
          >
            <div
              class="MuiGrid2-root MuiGrid2-direction-xs-row MuiGrid2-grid-xs-auto css-1djy14n-MuiGrid2-root"
            >
              <button
                class="button-chart"
                id="chart-button-active"
              >
                See points
                 per season
              </button>
              <button
                class="button-chart"
                id=""
              >
                See points
                 across seasons
              </button>
            </div>
            <div
              class="MuiGrid2-root MuiGrid2-direction-xs-row MuiGrid2-grid-xs-grow css-2edihr-MuiGrid2-root"
            />
          </div>
          <div>
            <p>
              I am a mock chart.
            </p>
            <div
              class="test-data"
            >
              <p>
                3,4
              </p>
            </div>
            <canvas
              height="150"
              width="400"
            />
          </div>
        </div>
      </div>
    </div>
  </div>,
  "debug": [Function],
  "findAllByAltText": [Function],
  "findAllByDisplayValue": [Function],
  "findAllByLabelText": [Function],
  "findAllByPlaceholderText": [Function],
  "findAllByRole": [Function],
  "findAllByTestId": [Function],
  "findAllByText": [Function],
  "findAllByTitle": [Function],
  "findByAltText": [Function],
  "findByDisplayValue": [Function],
  "findByLabelText": [Function],
  "findByPlaceholderText": [Function],
  "findByRole": [Function],
  "findByTestId": [Function],
  "findByText": [Function],
  "findByTitle": [Function],
  "getAllByAltText": [Function],
  "getAllByDisplayValue": [Function],
  "getAllByLabelText": [Function],
  "getAllByPlaceholderText": [Function],
  "getAllByRole": [Function],
  "getAllByTestId": [Function],
  "getAllByText": [Function],
  "getAllByTitle": [Function],
  "getByAltText": [Function],
  "getByDisplayValue": [Function],
  "getByLabelText": [Function],
  "getByPlaceholderText": [Function],
  "getByRole": [Function],
  "getByTestId": [Function],
  "getByText": [Function],
  "getByTitle": [Function],
  "queryAllByAltText": [Function],
  "queryAllByDisplayValue": [Function],
  "queryAllByLabelText": [Function],
  "queryAllByPlaceholderText": [Function],
  "queryAllByRole": [Function],
  "queryAllByTestId": [Function],
  "queryAllByText": [Function],
  "queryAllByTitle": [Function],
  "queryByAltText": [Function],
  "queryByDisplayValue": [Function],
  "queryByLabelText": [Function],
  "queryByPlaceholderText": [Function],
  "queryByRole": [Function],
  "queryByTestId": [Function],
  "queryByText": [Function],
  "queryByTitle": [Function],
  "rerender": [Function],
  "unmount": [Function],
}
`;
