// Jest Snapshot v1, https://goo.gl/fbAQLP

exports[`default renders correctly 1`] = `
<div
  className="team-view"
>
  <h1>
    Stats for team 
    Fake team
  </h1>
  <button
    className="button-chart-type"
    id="chart-button-active"
    onClick={[Function]}
  >
    See points per season
  </button>
  <button
    className="button-chart-type"
    id=""
    onClick={[Function]}
  >
    See points across seasons
  </button>
  <div>
    <p>
      I am a mock chart.
    </p>
    <div
      className="test-data"
    >
      3,4,2
    </div>
    <canvas
      height="150"
      width="400"
    />
  </div>
</div>
`;

exports[`only 3 seasons are displayed 1`] = `
<div
  className="team-view"
>
  <h1>
    Stats for team 
    Fake team
  </h1>
  <button
    className="button-chart-type"
    id="chart-button-active"
    onClick={[Function]}
  >
    See points per season
  </button>
  <button
    className="button-chart-type"
    id=""
    onClick={[Function]}
  >
    See points across seasons
  </button>
  <div>
    <p>
      I am a mock chart.
    </p>
    <div
      className="test-data"
    >
      3,4,2
    </div>
    <canvas
      height="150"
      width="400"
    />
  </div>
</div>
`;
