// Jest Snapshot v1, https://goo.gl/fbAQLP

exports[`renders correctly 1`] = `
<div
  id=""
>
  <div
    className="chart-view"
  >
    <div
      data-testid="team-view"
    >
      <h1>
        Stats for team 
        Fake team
      </h1>
      <div
        className="MuiGrid2-root MuiGrid2-container MuiGrid2-direction-xs-row css-16epkjp-MuiGrid2-root"
      >
        <div
          className="MuiGrid2-root MuiGrid2-direction-xs-row MuiGrid2-grid-xs-auto css-1djy14n-MuiGrid2-root"
        >
          <button
            className="button-chart"
            id="chart-button-active"
            onClick={[Function]}
          >
            See points
             per season
          </button>
          <button
            className="button-chart"
            id=""
            onClick={[Function]}
          >
            See points
             across seasons
          </button>
        </div>
        <div
          className="MuiGrid2-root MuiGrid2-direction-xs-row MuiGrid2-grid-xs-grow css-2edihr-MuiGrid2-root"
        />
      </div>
      <div>
        <p>
          I am a mock chart.
        </p>
        <div
          className="test-data"
        >
          <p>
            3,4
          </p>
        </div>
        <canvas
          height="150"
          width="400"
        />
      </div>
    </div>
  </div>
</div>
`;
