// Jest Snapshot v1, https://goo.gl/fbAQLP

exports[`default renders correctly 1`] = `
<div
  className="team-view"
>
  <h1>
    Stats for team 
    Fake team
  </h1>
  <button
    className="button-chart-type"
    onClick={[Function]}
  >
    See points per season
  </button>
  <button
    className="button-chart-type"
    onClick={[Function]}
  >
    See points across seasons
  </button>
  <./src/tests/mocks/MockChart.js />
</div>
`;

exports[`only 3 seasons are displayed 1`] = `
<div
  className="team-view"
>
  <h1>
    Stats for team 
    Fake team
  </h1>
  <button
    className="button-chart-type"
    onClick={[Function]}
  >
    See points per season
  </button>
  <button
    className="button-chart-type"
    onClick={[Function]}
  >
    See points across seasons
  </button>
  <./src/tests/mocks/MockChart.js />
</div>
`;
