// Jest Snapshot v1, https://goo.gl/fbAQLP

exports[`renders correctly 1`] = `
<div
  id=""
>
  <div
    className="category-selection"
  >
    <div
      className="menu-bar-container"
    >
      <div
        id="search-field"
      >
        <form>
          <input
            onChange={[Function]}
            onKeyDown={[Function]}
            onKeyUp={[Function]}
            placeholder="team"
            type="text"
            value=""
          />
        </form>
      </div>
      <div
        className="menu-bar-selection"
        onMouseDown={[Function]}
      >
        <div
          className="entry-selection"
          data-testid="matched-entry"
          onClick={[Function]}
        >
          Fake team
        </div>
      </div>
    </div>
  </div>
  <div
    className="chart-view"
  >
    <div
      data-testid="team-view"
    >
      <h1>
        Stats for team 
        Fake team
      </h1>
      <button
        className="button-chart"
        id="chart-button-active"
        onClick={[Function]}
      >
        See points
         per season
      </button>
      <button
        className="button-chart"
        id=""
        onClick={[Function]}
      >
        See points
         across seasons
      </button>
      <div>
        <p>
          I am a mock chart.
        </p>
        <div
          className="test-data"
        >
          <p>
            3,4
          </p>
        </div>
        <canvas
          height="150"
          width="400"
        />
      </div>
    </div>
  </div>
</div>
`;
